25014 42492 62084 26038 10994 44329 7508 13063 29085 5538 35639 52543 58614 42738 14899 17770 60396 45210 17231 26000 26140 49306 39349 49557 49998 8312 49482 27562 29653 14750 44209 56101 29279 22303 13086 14577 3139 28810 37687 12982 60087 32724 29584 19398 19949 52711 47105 64816 22865 5004 63610 43524 10786 12650