65519 65490 65405 65391 65429 65509 65433 65521 65318 65303 65447 65485 65414 65398 65484 65520 65336 65507 65314 65513 65455 65383 65453 65358 65449 65406 65512 65488 65287 65446 65361 65399 65526 65481 65417 65285 65468 65475 65296 65332 65439 65283 65469 65441 65285 65485 65369 65482 65451 65486 65526 65366 65284 65452 65483 65350 65482 65421 65369 65379 65498 65504 65324 65400 65348 65405 65401 65506 65303 65505 65514 65447 65421 65471 65466 65295 65374 65417 65301 65498 65484 65451 131072 65522 65308 65444 65476 65431 65409 65351 65508 65430 65423 65288 65510 65433 65376 65343 65384 65431