65525 65411 65413 65531 65502 65522 65511 65398 65287 65504 65517 65432 65483 65384 65348 65488 65436 65457 65374 65496 65285 65357 65443 65488 65357 65380 65421 65534 65374 65421 65499 65286 65465 65283 65478 65286 65419 65382 65360 65433 65316 65404 65458 65287 65318 65412 65369 65382 65437 65362 65501 65414 65456 65456 65345 65432 65507 65325 65322 65509 65434 65302 65363 65325 65387 65370 65411 65405 65314 65400 65411 65362 65297 65425 65482 65490 65352 65370 65454 65291 65370 65301 65407 65438 65301 65519 65507 65319 65410 65427 65474 65489 65321 65305 65409 65383 65355 65464 65407 65344